[www.templatemonster.com/demo/63845.html]
[backblue.gif]
[fade.gif]
[index.html]
[s.tmimgcdn.com/img/logo-touch/favicon-16x16623c.png]
[s.tmimgcdn.com/img/logo-touch/favicon-32x32623c.png]
[s.tmimgcdn.com/img/logo-touch/favicon-96x96623c.png]
[s.tmimgcdn.com/img/logo-touch/android-chrome-36623c.png]
[s.tmimgcdn.com/img/logo-touch/android-chrome-48623c.png]
[s.tmimgcdn.com/img/logo-touch/android-chrome-72623c.png]
[s.tmimgcdn.com/img/logo-touch/android-chrome-96623c.png]
[s.tmimgcdn.com/img/logo-touch/android-chrome-144623c.png]
[s.tmimgcdn.com/img/logo-touch/android-chrome-192623c.png]
[s.tmimgcdn.com/img/logo-touch/apple-touch-icon-precomposed623c.png]
[s.tmimgcdn.com/img/logo-touch/apple-touch-icon-180623c.png]
[s.tmimgcdn.com/img/logo-touch/apple-touch-icon-152623c.png]
[s.tmimgcdn.com/img/logo-touch/apple-touch-icon-144623c.png]
[s.tmimgcdn.com/img/logo-touch/apple-touch-icon-120623c.png]
[s.tmimgcdn.com/img/logo-touch/apple-touch-icon-114623c.png]
[s.tmimgcdn.com/img/logo-touch/apple-touch-icon-76623c.png]
[s.tmimgcdn.com/img/logo-touch/apple-touch-icon-72623c.png]
[s.tmimgcdn.com/img/logo-touch/apple-touch-icon-60623c.png]
[s.tmimgcdn.com/img/logo-touch/apple-touch-icon-57623c.png]
[s.tmimgcdn.com/css/owl.theme.minfccd.css]
[s.tmimgcdn.com/js/tm/frontend/indclude-js.min9228.js]
[s.tmimgcdn.com/css/standalone/livedemofccd.css]
[www.templatemonster.com/demo/63845.html]
[www.googletagmanager.com/gtm5445.html]
[www.templatemonster.com/js/config.js]
[s.tmimgcdn.com/css/svg-iconsfccd.css]
[s.tmimgcdn.com/css/font.css]
[s.tmimgcdn.com/css/bootstrap.css]
[s.tmimgcdn.com/img/segmentation-popup/pen.png]
[s.tmimgcdn.com/img/segmentation-popup/bag.png]
[s.tmimgcdn.com/img/segmentation-popup/gear.png]
[s.tmimgcdn.com/js/plasma-pocket-react/monsterBundle9228.js]
[s.tmimgcdn.com/img/segmentation-popup/check.png]
[s.tmimgcdn.com/css/standalone/livedemofccd.css]
[s.tmimgcdn.com/css/owl.carousel.minfccd.css]
[s.tmimgcdn.com/img/small-spinner.gif]
[s.tmimgcdn.com/css/owl.theme.minfccd.css]
[s.tmimgcdn.com/js/tm/frontend/indclude-js.min9228.js]
[www.templatemonster.com/demo/$&/index.html]
[www.templatemonster.com/demo/map.js]
[www.templatemonster.com/demo/call_get.js]
[www.templatemonster.com/demo/using.js]
[www.templatemonster.com/demo/timers.js]
[www.templatemonster.com/demo/generators.js]
[www.templatemonster.com/demo/nodeify.js]
[www.templatemonster.com/demo/promisify.js]
[www.templatemonster.com/demo/props.js]
[www.templatemonster.com/demo/race.js]
[www.templatemonster.com/demo/reduce.js]
[www.templatemonster.com/demo/settle.js]
[www.templatemonster.com/demo/some.js]
[www.templatemonster.com/demo/filter.js]
[www.templatemonster.com/demo/each.js]
[www.templatemonster.com/demo/any.js]
[www.templatemonster.com/demo/require]
[s.tmimgcdn.com/js/plasma-pocket-react/monsterBundle9228.js]
[s.tmimgcdn.com/css/svg-iconsfccd.css]
[www.templatemonster.com/js/config.js]
[s.tmimgcdn.com/css/font.css]
[s.tmimgcdn.com/css/bootstrap.css]
[s.tmimgcdn.com/css/owl.carousel.minfccd.css]
[www.templatemonster.com/demo/@@History/index.html]
[www.templatemonster.com/demo/$&/index.html]
[www.templatemonster.com/demo/map.html]
[www.templatemonster.com/demo/call_get.html]
[www.templatemonster.com/demo/using.html]
[www.templatemonster.com/demo/timers.html]
[www.templatemonster.com/demo/generators.html]
[www.templatemonster.com/demo/nodeify.html]
[www.templatemonster.com/demo/promisify.html]
[www.templatemonster.com/demo/props.html]
[www.templatemonster.com/demo/race.html]
[www.templatemonster.com/demo/reduce.html]
[www.templatemonster.com/demo/settle.html]
[www.templatemonster.com/demo/some.html]
[www.templatemonster.com/demo/filter.html]
[www.templatemonster.com/demo/each.html]
[www.templatemonster.com/demo/any.html]
[www.templatemonster.com/demo/require.html]
[www.templatemonster.com/demo/@@History/index.html]
[s.tmimgcdn.com/img/segmentation-popup/triangles.png]
[s.tmimgcdn.com/img/segmentation-popup/window.png]
[www.templatemonster.com/demo/chat_presales=1; expires=03 Jul 2036 21_44_38 GMT; domain=.templatemonster.com; path=/index.html]
[www.templatemonster.com/demo/callback_notice=closed; expires=03 Jul 2036 21_44_38 GMT; domain=.templatemonster.com; path=/index.html]
[www.templatemonster.com/demo/ABCDEFGHIJKLMNOPQRSTUVWXYZabcdefghijklmnopqrstuvwxyz0123456789+/index.html]
